// Jest Snapshot v1, https://goo.gl/fbAQLP

exports[`Teste da interface "Detalhes" Deve renderizar o componente e comparar com um snapshot 1`] = `
"<section className=\\"new-user\\">
  <div className=\\"container\\">
    <form onSubmit={[Function]}>
      <fieldset>
        <div className=\\"d-flex align-items-center mb-4\\">
          <h1>
            Cadastro de condutor
          </h1>
          <a className=\\"btn btn-light ml-auto back-link\\" href=\\"/\\">
            Voltar
          </a>
        </div>
        <div className=\\"form-group\\">
          <label htmlFor=\\"nome\\">
            Nome
          </label>
          <input className=\\"form-control\\" type=\\"text\\" id=\\"nome\\" name=\\"nome\\" value=\\"\\" onChange={[Function]} required={true} />
        </div>
        <div className=\\"row\\">
          <div className=\\"col-sm-6\\">
            <div className=\\"form-group\\">
              <label htmlFor=\\"cpf\\">
                CPF
              </label>
              <InputMask mask=\\"999.999.999-99\\" className=\\"form-control\\" type=\\"text\\" id=\\"cpf\\" name=\\"cpf\\" value=\\"\\" onChange={[Function]} required={true} alwaysShowMask={false} maskPlaceholder=\\"_\\" />
            </div>
          </div>
          <div className=\\"col-sm-6\\">
            <div className=\\"form-group\\">
              <label htmlFor=\\"registro\\">
                Registro
              </label>
              <InputMask mask=\\"99999999999\\" className=\\"form-control\\" type=\\"text\\" id=\\"registro\\" name=\\"registro\\" value=\\"\\" onChange={[Function]} required={true} alwaysShowMask={false} maskPlaceholder=\\"_\\" />
            </div>
          </div>
        </div>
        <div className=\\"row\\">
          <div className=\\"col-sm-3\\">
            <div className=\\"form-group\\">
              <label htmlFor=\\"categoria\\">
                Categoria
              </label>
              <select className=\\"form-control\\" id=\\"categoria\\" name=\\"categoria\\" onChange={[Function]} required={true}>
                <option>
                  Selecione
                </option>
                <option value=\\"A\\">
                  A
                </option>
                <option value=\\"AB\\">
                  AB
                </option>
                <option value=\\"AC\\">
                  AC
                </option>
                <option value=\\"AD\\">
                  AD
                </option>
                <option value=\\"AE\\">
                  AE
                </option>
                <option value=\\"ACC\\">
                  ACC
                </option>
                <option value=\\"B\\">
                  B
                </option>
                <option value=\\"C\\">
                  C
                </option>
                <option value=\\"D\\">
                  D
                </option>
                <option value=\\"E\\">
                  E
                </option>
              </select>
            </div>
          </div>
          <div className=\\"col-sm-3\\">
            <div className=\\"form-group\\">
              <label htmlFor=\\"validade\\">
                Validade
              </label>
              <input className=\\"form-control\\" type=\\"date\\" id=\\"validade\\" name=\\"validade\\" value=\\"\\" onChange={[Function]} required={true} max=\\"2030-12-31\\" />
            </div>
          </div>
          <div className=\\"col-sm-6\\">
            <div className=\\"form-group\\">
              <label htmlFor=\\"email\\">
                Email
              </label>
              <input className=\\"form-control\\" type=\\"email\\" id=\\"email\\" name=\\"email\\" value=\\"\\" onChange={[Function]} required={true} />
            </div>
          </div>
        </div>
        <div className=\\"form-group mt-3\\">
          <button id=\\"btn-inserir\\" className=\\"btn btn-primary btn-lg btn-block\\">
            Inserir
          </button>
        </div>
      </fieldset>
    </form>
  </div>
</section>"
`;
